[     896ms] [INFO] %cDownload the React DevTools for a better development experience: https://reactjs.org/link/react-devtools font-weight:bold @ webpack-internal:///(app-pages-browser)/./node_modules/next/dist/compiled/react-dom/cjs/react-dom.development.js:38559
[    1882ms] [ERROR] Failed to load resource: the server responded with a status of 429 (Too Many Requests) @ http://localhost:3000/_next/image?url=https%3A%2F%2Fcommons.wikimedia.org%2Fwiki%2FSpecial%3AFilePath%2FFile%3AGateway%2520of%2520India%2C%2520Mumbai.jpg&w=640&q=75:0
[    1883ms] [ERROR] Failed to load resource: the server responded with a status of 429 (Too Many Requests) @ http://localhost:3000/_next/image?url=https%3A%2F%2Fcommons.wikimedia.org%2Fwiki%2FSpecial%3AFilePath%2FFile%3AMahabodhi_Temple.jpg&w=640&q=75:0
[    2022ms] [WARNING] Image with src "https://commons.wikimedia.org/wiki/Special:FilePath/File:Sanchi3.jpg" was detected as the Largest Contentful Paint (LCP). Please add the "priority" property if this image is above the fold.
Read more: https://nextjs.org/docs/api-reference/next/image#priority @ webpack-internal:///(app-pages-browser)/./node_modules/next/dist/shared/lib/utils/warn-once.js:15
[    2724ms] [ERROR] Failed to load resource: the server responded with a status of 429 (Too Many Requests) @ http://localhost:3000/_next/image?url=https%3A%2F%2Fcommons.wikimedia.org%2Fwiki%2FSpecial%3AFilePath%2FFile%3AMysore_Palace.jpg&w=640&q=75:0
[    2980ms] [ERROR] Failed to load resource: the server responded with a status of 404 (Not Found) @ http://localhost:3000/icon-192.png:0
[    3065ms] [ERROR] Failed to load resource: the server responded with a status of 429 (Too Many Requests) @ http://localhost:3000/_next/image?url=https%3A%2F%2Fcommons.wikimedia.org%2Fwiki%2FSpecial%3AFilePath%2FFile%3AMeenakshi%2520Amman%2520Temple%2C%2520Madurai.jpg&w=640&q=75:0
[    3069ms] [ERROR] Failed to load resource: the server responded with a status of 429 (Too Many Requests) @ http://localhost:3000/_next/image?url=https%3A%2F%2Fcommons.wikimedia.org%2Fwiki%2FSpecial%3AFilePath%2FFile%3AStatue%2520of%2520Unity.jpg&w=640&q=75:0
[    3112ms] [WARNING] Error while trying to use the following icon from the Manifest: http://localhost:3000/icon-192.png (Download error or resource isn't a valid image) @ http://localhost:3000/rajya:0
[    4118ms] [ERROR] Failed to load resource: the server responded with a status of 429 (Too Many Requests) @ http://localhost:3000/_next/image?url=https%3A%2F%2Fcommons.wikimedia.org%2Fwiki%2FSpecial%3AFilePath%2FFile%3ATirupati%2520Balaji%2520Temple.jpg&w=640&q=75:0
[    4553ms] [ERROR] Failed to load resource: the server responded with a status of 429 (Too Many Requests) @ http://localhost:3000/_next/image?url=https%3A%2F%2Fcommons.wikimedia.org%2Fwiki%2FSpecial%3AFilePath%2FFile%3AKerala%2520backwaters.jpg&w=640&q=75:0
[    5288ms] [ERROR] Failed to load resource: the server responded with a status of 429 (Too Many Requests) @ http://localhost:3000/_next/image?url=https%3A%2F%2Fcommons.wikimedia.org%2Fwiki%2FSpecial%3AFilePath%2FFile%3ARed_Fort_Delhi.jpg&w=640&q=75:0
[    5697ms] [ERROR] Failed to load resource: the server responded with a status of 429 (Too Many Requests) @ http://localhost:3000/_next/image?url=https%3A%2F%2Fcommons.wikimedia.org%2Fwiki%2FSpecial%3AFilePath%2FFile%3AKonark%2520Sun%2520Temple.jpg&w=640&q=75:0
[    6358ms] [ERROR] Failed to load resource: the server responded with a status of 429 (Too Many Requests) @ http://localhost:3000/_next/image?url=https%3A%2F%2Fcommons.wikimedia.org%2Fwiki%2FSpecial%3AFilePath%2FFile%3AJagannath%2520Temple%2C%2520Ranchi.jpg&w=640&q=75:0
[    7627ms] [ERROR] Failed to load resource: the server responded with a status of 429 (Too Many Requests) @ http://localhost:3000/_next/image?url=https%3A%2F%2Fcommons.wikimedia.org%2Fwiki%2FSpecial%3AFilePath%2FFile%3AGolden%2520Temple%2C%2520Amritsar.jpg&w=640&q=75:0
[    8333ms] [ERROR] Failed to load resource: the server responded with a status of 429 (Too Many Requests) @ http://localhost:3000/_next/image?url=https%3A%2F%2Fcommons.wikimedia.org%2Fwiki%2FSpecial%3AFilePath%2FFile%3AChitrakote%2520Falls%2C%2520Chhattisgarh.jpg&w=640&q=75:0
[    9099ms] [ERROR] Failed to load resource: the server responded with a status of 429 (Too Many Requests) @ http://localhost:3000/_next/image?url=https%3A%2F%2Fcommons.wikimedia.org%2Fwiki%2FSpecial%3AFilePath%2FFile%3ABrahma%2520Sarovar%2C%2520Kurukshetra.jpg&w=640&q=75:0
[    9620ms] [ERROR] Failed to load resource: the server responded with a status of 429 (Too Many Requests) @ http://localhost:3000/_next/image?url=https%3A%2F%2Fcommons.wikimedia.org%2Fwiki%2FSpecial%3AFilePath%2FFile%3AHidimba%2520Devi%2520Temple.jpg&w=640&q=75:0
[    9818ms] [ERROR] Failed to load resource: the server responded with a status of 429 (Too Many Requests) @ http://localhost:3000/_next/image?url=https%3A%2F%2Fcommons.wikimedia.org%2Fwiki%2FSpecial%3AFilePath%2FFile%3AUjjayanta_Palace.jpg&w=640&q=75:0
[   22697ms] [WARNING] Image with src "https://commons.wikimedia.org/wiki/Special:FilePath/File:Charminar-Pride%20of%20Hyderabad.jpg" was detected as the Largest Contentful Paint (LCP). Please add the "priority" property if this image is above the fold.
Read more: https://nextjs.org/docs/api-reference/next/image#priority @ webpack-internal:///(app-pages-browser)/./node_modules/next/dist/shared/lib/utils/warn-once.js:15
[   30168ms] [ERROR] Failed to load resource: the server responded with a status of 429 (Too Many Requests) @ http://localhost:3000/_next/image?url=https%3A%2F%2Fcommons.wikimedia.org%2Fwiki%2FSpecial%3AFilePath%2FFile%3ABom_Jesus_Basilica.jpg&w=640&q=75:0
[   30177ms] [ERROR] Failed to load resource: the server responded with a status of 429 (Too Many Requests) @ http://localhost:3000/_next/image?url=https%3A%2F%2Fcommons.wikimedia.org%2Fwiki%2FSpecial%3AFilePath%2FFile%3AUmiam_Lake.jpg&w=640&q=75:0
[   30300ms] [ERROR] Failed to load resource: the server responded with a status of 429 (Too Many Requests) @ http://localhost:3000/_next/image?url=https%3A%2F%2Fcommons.wikimedia.org%2Fwiki%2FSpecial%3AFilePath%2FFile%3ATawang_Monastery%2C_Arunachal_Pradesh.jpg&w=640&q=75:0
[   30354ms] [ERROR] Failed to load resource: the server responded with a status of 429 (Too Many Requests) @ http://localhost:3000/_next/image?url=https%3A%2F%2Fcommons.wikimedia.org%2Fwiki%2FSpecial%3AFilePath%2FFile%3ALoktak_lake.jpg&w=640&q=75:0
[   30407ms] [ERROR] Failed to load resource: the server responded with a status of 429 (Too Many Requests) @ http://localhost:3000/_next/image?url=https%3A%2F%2Fcommons.wikimedia.org%2Fwiki%2FSpecial%3AFilePath%2FFile%3AKohima_War_Cemetery%2C_Nagaland.jpg&w=640&q=75:0
[   30585ms] [ERROR] Failed to load resource: the server responded with a status of 429 (Too Many Requests) @ http://localhost:3000/_next/image?url=https%3A%2F%2Fcommons.wikimedia.org%2Fwiki%2FSpecial%3AFilePath%2FFile%3AAizawl.jpg&w=640&q=75:0
[   30919ms] [ERROR] Failed to load resource: the server responded with a status of 429 (Too Many Requests) @ http://localhost:3000/_next/image?url=https%3A%2F%2Fcommons.wikimedia.org%2Fwiki%2FSpecial%3AFilePath%2FFile%3ARumtek_Monastery.jpg&w=640&q=75:0
[   31066ms] [ERROR] Failed to load resource: the server responded with a status of 429 (Too Many Requests) @ http://localhost:3000/_next/image?url=https%3A%2F%2Fcommons.wikimedia.org%2Fwiki%2FSpecial%3AFilePath%2FFile%3APuducherry.jpg&w=640&q=75:0
[   31123ms] [ERROR] Failed to load resource: the server responded with a status of 429 (Too Many Requests) @ http://localhost:3000/_next/image?url=https%3A%2F%2Fcommons.wikimedia.org%2Fwiki%2FSpecial%3AFilePath%2FFile%3ARock_Garden_Chandigarh.jpg&w=640&q=75:0
[   31274ms] [ERROR] Failed to load resource: the server responded with a status of 429 (Too Many Requests) @ http://localhost:3000/_next/image?url=https%3A%2F%2Fcommons.wikimedia.org%2Fwiki%2FSpecial%3AFilePath%2FFile%3ACellular_Jail.jpg&w=640&q=75:0
[   31318ms] [ERROR] Failed to load resource: the server responded with a status of 429 (Too Many Requests) @ http://localhost:3000/_next/image?url=https%3A%2F%2Fcommons.wikimedia.org%2Fwiki%2FSpecial%3AFilePath%2FFile%3ADal_Lake_Srinagar.jpg&w=640&q=75:0
[   31614ms] [ERROR] Failed to load resource: the server responded with a status of 429 (Too Many Requests) @ http://localhost:3000/_next/image?url=https%3A%2F%2Fcommons.wikimedia.org%2Fwiki%2FSpecial%3AFilePath%2FFile%3APangong_Lake.jpg&w=640&q=75:0
[   31762ms] [ERROR] Failed to load resource: the server responded with a status of 429 (Too Many Requests) @ http://localhost:3000/_next/image?url=https%3A%2F%2Fcommons.wikimedia.org%2Fwiki%2FSpecial%3AFilePath%2FFile%3ADiu_fort.jpg&w=640&q=75:0
[   90478ms] [LOG] [Fast Refresh] rebuilding @ webpack-internal:///(app-pages-browser)/./node_modules/next/dist/client/components/react-dev-overlay/app/hot-reloader-client.js:186
[   96624ms] [LOG] [Fast Refresh] done in 6147ms @ webpack-internal:///(app-pages-browser)/./node_modules/next/dist/client/components/react-dev-overlay/app/hot-reloader-client.js:43
[  100705ms] [LOG] [Fast Refresh] rebuilding @ webpack-internal:///(app-pages-browser)/./node_modules/next/dist/client/components/react-dev-overlay/app/hot-reloader-client.js:186
[  102560ms] [LOG] [Fast Refresh] rebuilding @ webpack-internal:///(app-pages-browser)/./node_modules/next/dist/client/components/react-dev-overlay/app/hot-reloader-client.js:186
[  102683ms] [LOG] [Fast Refresh] done in 123ms @ webpack-internal:///(app-pages-browser)/./node_modules/next/dist/client/components/react-dev-overlay/app/hot-reloader-client.js:43
[  105266ms] [ERROR] Failed to load resource: the server responded with a status of 404 (Not Found) @ http://localhost:3000/icon-192.png:0
[  105723ms] [WARNING] Error while trying to use the following icon from the Manifest: http://localhost:3000/icon-192.png (Download error or resource isn't a valid image) @ http://localhost:3000/rajya:0
